// Jest Snapshot v1, https://goo.gl/fbAQLP

exports[`<TextMessageDialog /> should render the actions 1`] = `
<BasicDialog
  actions={
    Array [
      Object {
        "action": [Function],
        "label": "fooAction",
      },
    ]
  }
  title="This is the title."
>
  <Translate
    className=""
    params={Object {}}
    string="This is the message."
  />
</BasicDialog>
`;

exports[`<TextMessageDialog /> should render with minimal props 1`] = `
<BasicDialog
  actions={Array []}
  title={null}
>
  <Translate
    className=""
    params={Object {}}
    string="This is the message."
  />
</BasicDialog>
`;

exports[`<TextMessageDialog /> should render with title and message 1`] = `
<BasicDialog
  actions={Array []}
  title="This is the title."
>
  <Translate
    className=""
    params={Object {}}
    string="This is the message."
  />
</BasicDialog>
`;
