// Jest Snapshot v1, https://goo.gl/fbAQLP

exports[`<ClientInformation /> App and lib version, and device ID should render the app and lib version 1`] = `
<div
  className="css-1y4o210"
  onTouchStart={[Function]}
>
  <p
    className="css-l9h00q"
  >
    App Version: 
    1.2.3
     (
    7.8.9
    )
    <br />
    Lib Version: 
    4.5.6
  </p>
</div>
`;

exports[`<ClientInformation /> App and lib version, and device ID should show the device ID 1`] = `
<div
  className="css-1y4o210"
  onTouchStart={[Function]}
>
  <p
    className="css-l9h00q"
  >
    App Version: 
    1.2.3
     (
    7.8.9
    )
    <br />
    Lib Version: 
    4.5.6
  </p>
  <p
    className="css-g1itog"
  >
    Device ID: 
    my-awesome-device-id
  </p>
</div>
`;

exports[`<ClientInformation /> should not render if no data is available 1`] = `""`;

exports[`<ClientInformation /> should not render if the data is still being fetched 1`] = `""`;
