// Jest Snapshot v1, https://goo.gl/fbAQLP

exports[`<ActionButton /> Given the component was mounted to the DOM Given the loading prop is set to true should match snapshot 1`] = `
<div
  className="css-1fjvlc"
>
  <IndicatorCircle
    color="#5ccee3"
    size={32}
    strokeWidth={3}
  />
</div>
`;

exports[`<ActionButton /> Given the component was mounted to the DOM should match snapshot 1`] = `
<div
  className="css-omcrdt"
>
  <RippleButton
    className=""
    disabled={false}
    flat={true}
    onClick={[Function]}
    rippleClassName=""
    rippleSize={null}
    type="primary"
    wrapContent={true}
  >
    Action Button
  </RippleButton>
</div>
`;
