// Jest Snapshot v1, https://goo.gl/fbAQLP

exports[`<PlaceholderParagraph /> should render children 1`] = `
<PlaceholderParagraph
  className=""
  lines={3}
  ready={true}
>
  <h1>
    foo
  </h1>
</PlaceholderParagraph>
`;

exports[`<PlaceholderParagraph /> should render placeholder  1`] = `
<PlaceholderParagraph
  className=""
  lines={3}
  ready={false}
>
  <div>
    <PlaceholderLabel
      className=""
      key="0"
      ready={false}
      style={
        Object {
          "width": "95%",
        }
      }
    >
      <div
        className="css-qd8qpa "
        style={
          Object {
            "width": "95%",
          }
        }
      />
    </PlaceholderLabel>
    <PlaceholderLabel
      className=""
      key="1"
      ready={false}
      style={null}
    >
      <div
        className="css-qd8qpa "
        style={null}
      />
    </PlaceholderLabel>
    <PlaceholderLabel
      className=""
      key="2"
      ready={false}
      style={
        Object {
          "width": "100%",
        }
      }
    >
      <div
        className="css-qd8qpa "
        style={
          Object {
            "width": "100%",
          }
        }
      />
    </PlaceholderLabel>
  </div>
</PlaceholderParagraph>
`;
